// Jest Snapshot v1, https://goo.gl/fbAQLP

exports[`Rate tests renders correctly 1`] = `
initialize {
  "0": Object {
    "attribs": Object {
      "class": "rfox-rate",
      "tabindex": "0",
    },
    "children": Array [
      Object {
        "attribs": Object {
          "class": "rfox-rate__list",
        },
        "children": Array [
          Object {
            "attribs": Object {
              "class": "rfox-rate__item",
              "data-index": "0",
            },
            "children": Array [
              Object {
                "attribs": Object {
                  "class": "icon iconfont icon-star-fill",
                  "style": "font-size:24px",
                },
                "children": Array [],
                "name": "i",
                "namespace": "http://www.w3.org/1999/xhtml",
                "next": null,
                "parent": [Circular],
                "prev": null,
                "type": "tag",
                "x-attribsNamespace": Object {
                  "class": undefined,
                  "style": undefined,
                },
                "x-attribsPrefix": Object {
                  "class": undefined,
                  "style": undefined,
                },
              },
            ],
            "name": "li",
            "namespace": "http://www.w3.org/1999/xhtml",
            "next": Object {
              "attribs": Object {
                "class": "rfox-rate__item",
                "data-index": "1",
              },
              "children": Array [
                Object {
                  "attribs": Object {
                    "class": "icon iconfont icon-star-fill",
                    "style": "font-size:24px",
                  },
                  "children": Array [],
                  "name": "i",
                  "namespace": "http://www.w3.org/1999/xhtml",
                  "next": null,
                  "parent": [Circular],
                  "prev": null,
                  "type": "tag",
                  "x-attribsNamespace": Object {
                    "class": undefined,
                    "style": undefined,
                  },
                  "x-attribsPrefix": Object {
                    "class": undefined,
                    "style": undefined,
                  },
                },
              ],
              "name": "li",
              "namespace": "http://www.w3.org/1999/xhtml",
              "next": Object {
                "attribs": Object {
                  "class": "rfox-rate__item",
                  "data-index": "2",
                },
                "children": Array [
                  Object {
                    "attribs": Object {
                      "class": "icon iconfont icon-star-fill",
                      "style": "font-size:24px",
                    },
                    "children": Array [],
                    "name": "i",
                    "namespace": "http://www.w3.org/1999/xhtml",
                    "next": null,
                    "parent": [Circular],
                    "prev": null,
                    "type": "tag",
                    "x-attribsNamespace": Object {
                      "class": undefined,
                      "style": undefined,
                    },
                    "x-attribsPrefix": Object {
                      "class": undefined,
                      "style": undefined,
                    },
                  },
                ],
                "name": "li",
                "namespace": "http://www.w3.org/1999/xhtml",
                "next": Object {
                  "attribs": Object {
                    "class": "rfox-rate__item",
                    "data-index": "3",
                  },
                  "children": Array [
                    Object {
                      "attribs": Object {
                        "class": "icon iconfont icon-star-fill",
                        "style": "font-size:24px",
                      },
                      "children": Array [],
                      "name": "i",
                      "namespace": "http://www.w3.org/1999/xhtml",
                      "next": null,
                      "parent": [Circular],
                      "prev": null,
                      "type": "tag",
                      "x-attribsNamespace": Object {
                        "class": undefined,
                        "style": undefined,
                      },
                      "x-attribsPrefix": Object {
                        "class": undefined,
                        "style": undefined,
                      },
                    },
                  ],
                  "name": "li",
                  "namespace": "http://www.w3.org/1999/xhtml",
                  "next": Object {
                    "attribs": Object {
                      "class": "rfox-rate__item",
                      "data-index": "4",
                    },
                    "children": Array [
                      Object {
                        "attribs": Object {
                          "class": "icon iconfont icon-star-fill",
                          "style": "font-size:24px",
                        },
                        "children": Array [],
                        "name": "i",
                        "namespace": "http://www.w3.org/1999/xhtml",
                        "next": null,
                        "parent": [Circular],
                        "prev": null,
                        "type": "tag",
                        "x-attribsNamespace": Object {
                          "class": undefined,
                          "style": undefined,
                        },
                        "x-attribsPrefix": Object {
                          "class": undefined,
                          "style": undefined,
                        },
                      },
                    ],
                    "name": "li",
                    "namespace": "http://www.w3.org/1999/xhtml",
                    "next": null,
                    "parent": [Circular],
                    "prev": [Circular],
                    "type": "tag",
                    "x-attribsNamespace": Object {
                      "class": undefined,
                      "data-index": undefined,
                    },
                    "x-attribsPrefix": Object {
                      "class": undefined,
                      "data-index": undefined,
                    },
                  },
                  "parent": [Circular],
                  "prev": [Circular],
                  "type": "tag",
                  "x-attribsNamespace": Object {
                    "class": undefined,
                    "data-index": undefined,
                  },
                  "x-attribsPrefix": Object {
                    "class": undefined,
                    "data-index": undefined,
                  },
                },
                "parent": [Circular],
                "prev": [Circular],
                "type": "tag",
                "x-attribsNamespace": Object {
                  "class": undefined,
                  "data-index": undefined,
                },
                "x-attribsPrefix": Object {
                  "class": undefined,
                  "data-index": undefined,
                },
              },
              "parent": [Circular],
              "prev": [Circular],
              "type": "tag",
              "x-attribsNamespace": Object {
                "class": undefined,
                "data-index": undefined,
              },
              "x-attribsPrefix": Object {
                "class": undefined,
                "data-index": undefined,
              },
            },
            "parent": [Circular],
            "prev": null,
            "type": "tag",
            "x-attribsNamespace": Object {
              "class": undefined,
              "data-index": undefined,
            },
            "x-attribsPrefix": Object {
              "class": undefined,
              "data-index": undefined,
            },
          },
          Object {
            "attribs": Object {
              "class": "rfox-rate__item",
              "data-index": "1",
            },
            "children": Array [
              Object {
                "attribs": Object {
                  "class": "icon iconfont icon-star-fill",
                  "style": "font-size:24px",
                },
                "children": Array [],
                "name": "i",
                "namespace": "http://www.w3.org/1999/xhtml",
                "next": null,
                "parent": [Circular],
                "prev": null,
                "type": "tag",
                "x-attribsNamespace": Object {
                  "class": undefined,
                  "style": undefined,
                },
                "x-attribsPrefix": Object {
                  "class": undefined,
                  "style": undefined,
                },
              },
            ],
            "name": "li",
            "namespace": "http://www.w3.org/1999/xhtml",
            "next": Object {
              "attribs": Object {
                "class": "rfox-rate__item",
                "data-index": "2",
              },
              "children": Array [
                Object {
                  "attribs": Object {
                    "class": "icon iconfont icon-star-fill",
                    "style": "font-size:24px",
                  },
                  "children": Array [],
                  "name": "i",
                  "namespace": "http://www.w3.org/1999/xhtml",
                  "next": null,
                  "parent": [Circular],
                  "prev": null,
                  "type": "tag",
                  "x-attribsNamespace": Object {
                    "class": undefined,
                    "style": undefined,
                  },
                  "x-attribsPrefix": Object {
                    "class": undefined,
                    "style": undefined,
                  },
                },
              ],
              "name": "li",
              "namespace": "http://www.w3.org/1999/xhtml",
              "next": Object {
                "attribs": Object {
                  "class": "rfox-rate__item",
                  "data-index": "3",
                },
                "children": Array [
                  Object {
                    "attribs": Object {
                      "class": "icon iconfont icon-star-fill",
                      "style": "font-size:24px",
                    },
                    "children": Array [],
                    "name": "i",
                    "namespace": "http://www.w3.org/1999/xhtml",
                    "next": null,
                    "parent": [Circular],
                    "prev": null,
                    "type": "tag",
                    "x-attribsNamespace": Object {
                      "class": undefined,
                      "style": undefined,
                    },
                    "x-attribsPrefix": Object {
                      "class": undefined,
                      "style": undefined,
                    },
                  },
                ],
                "name": "li",
                "namespace": "http://www.w3.org/1999/xhtml",
                "next": Object {
                  "attribs": Object {
                    "class": "rfox-rate__item",
                    "data-index": "4",
                  },
                  "children": Array [
                    Object {
                      "attribs": Object {
                        "class": "icon iconfont icon-star-fill",
                        "style": "font-size:24px",
                      },
                      "children": Array [],
                      "name": "i",
                      "namespace": "http://www.w3.org/1999/xhtml",
                      "next": null,
                      "parent": [Circular],
                      "prev": null,
                      "type": "tag",
                      "x-attribsNamespace": Object {
                        "class": undefined,
                        "style": undefined,
                      },
                      "x-attribsPrefix": Object {
                        "class": undefined,
                        "style": undefined,
                      },
                    },
                  ],
                  "name": "li",
                  "namespace": "http://www.w3.org/1999/xhtml",
                  "next": null,
                  "parent": [Circular],
                  "prev": [Circular],
                  "type": "tag",
                  "x-attribsNamespace": Object {
                    "class": undefined,
                    "data-index": undefined,
                  },
                  "x-attribsPrefix": Object {
                    "class": undefined,
                    "data-index": undefined,
                  },
                },
                "parent": [Circular],
                "prev": [Circular],
                "type": "tag",
                "x-attribsNamespace": Object {
                  "class": undefined,
                  "data-index": undefined,
                },
                "x-attribsPrefix": Object {
                  "class": undefined,
                  "data-index": undefined,
                },
              },
              "parent": [Circular],
              "prev": [Circular],
              "type": "tag",
              "x-attribsNamespace": Object {
                "class": undefined,
                "data-index": undefined,
              },
              "x-attribsPrefix": Object {
                "class": undefined,
                "data-index": undefined,
              },
            },
            "parent": [Circular],
            "prev": Object {
              "attribs": Object {
                "class": "rfox-rate__item",
                "data-index": "0",
              },
              "children": Array [
                Object {
                  "attribs": Object {
                    "class": "icon iconfont icon-star-fill",
                    "style": "font-size:24px",
                  },
                  "children": Array [],
                  "name": "i",
                  "namespace": "http://www.w3.org/1999/xhtml",
                  "next": null,
                  "parent": [Circular],
                  "prev": null,
                  "type": "tag",
                  "x-attribsNamespace": Object {
                    "class": undefined,
                    "style": undefined,
                  },
                  "x-attribsPrefix": Object {
                    "class": undefined,
                    "style": undefined,
                  },
                },
              ],
              "name": "li",
              "namespace": "http://www.w3.org/1999/xhtml",
              "next": [Circular],
              "parent": [Circular],
              "prev": null,
              "type": "tag",
              "x-attribsNamespace": Object {
                "class": undefined,
                "data-index": undefined,
              },
              "x-attribsPrefix": Object {
                "class": undefined,
                "data-index": undefined,
              },
            },
            "type": "tag",
            "x-attribsNamespace": Object {
              "class": undefined,
              "data-index": undefined,
            },
            "x-attribsPrefix": Object {
              "class": undefined,
              "data-index": undefined,
            },
          },
          Object {
            "attribs": Object {
              "class": "rfox-rate__item",
              "data-index": "2",
            },
            "children": Array [
              Object {
                "attribs": Object {
                  "class": "icon iconfont icon-star-fill",
                  "style": "font-size:24px",
                },
                "children": Array [],
                "name": "i",
                "namespace": "http://www.w3.org/1999/xhtml",
                "next": null,
                "parent": [Circular],
                "prev": null,
                "type": "tag",
                "x-attribsNamespace": Object {
                  "class": undefined,
                  "style": undefined,
                },
                "x-attribsPrefix": Object {
                  "class": undefined,
                  "style": undefined,
                },
              },
            ],
            "name": "li",
            "namespace": "http://www.w3.org/1999/xhtml",
            "next": Object {
              "attribs": Object {
                "class": "rfox-rate__item",
                "data-index": "3",
              },
              "children": Array [
                Object {
                  "attribs": Object {
                    "class": "icon iconfont icon-star-fill",
                    "style": "font-size:24px",
                  },
                  "children": Array [],
                  "name": "i",
                  "namespace": "http://www.w3.org/1999/xhtml",
                  "next": null,
                  "parent": [Circular],
                  "prev": null,
                  "type": "tag",
                  "x-attribsNamespace": Object {
                    "class": undefined,
                    "style": undefined,
                  },
                  "x-attribsPrefix": Object {
                    "class": undefined,
                    "style": undefined,
                  },
                },
              ],
              "name": "li",
              "namespace": "http://www.w3.org/1999/xhtml",
              "next": Object {
                "attribs": Object {
                  "class": "rfox-rate__item",
                  "data-index": "4",
                },
                "children": Array [
                  Object {
                    "attribs": Object {
                      "class": "icon iconfont icon-star-fill",
                      "style": "font-size:24px",
                    },
                    "children": Array [],
                    "name": "i",
                    "namespace": "http://www.w3.org/1999/xhtml",
                    "next": null,
                    "parent": [Circular],
                    "prev": null,
                    "type": "tag",
                    "x-attribsNamespace": Object {
                      "class": undefined,
                      "style": undefined,
                    },
                    "x-attribsPrefix": Object {
                      "class": undefined,
                      "style": undefined,
                    },
                  },
                ],
                "name": "li",
                "namespace": "http://www.w3.org/1999/xhtml",
                "next": null,
                "parent": [Circular],
                "prev": [Circular],
                "type": "tag",
                "x-attribsNamespace": Object {
                  "class": undefined,
                  "data-index": undefined,
                },
                "x-attribsPrefix": Object {
                  "class": undefined,
                  "data-index": undefined,
                },
              },
              "parent": [Circular],
              "prev": [Circular],
              "type": "tag",
              "x-attribsNamespace": Object {
                "class": undefined,
                "data-index": undefined,
              },
              "x-attribsPrefix": Object {
                "class": undefined,
                "data-index": undefined,
              },
            },
            "parent": [Circular],
            "prev": Object {
              "attribs": Object {
                "class": "rfox-rate__item",
                "data-index": "1",
              },
              "children": Array [
                Object {
                  "attribs": Object {
                    "class": "icon iconfont icon-star-fill",
                    "style": "font-size:24px",
                  },
                  "children": Array [],
                  "name": "i",
                  "namespace": "http://www.w3.org/1999/xhtml",
                  "next": null,
                  "parent": [Circular],
                  "prev": null,
                  "type": "tag",
                  "x-attribsNamespace": Object {
                    "class": undefined,
                    "style": undefined,
                  },
                  "x-attribsPrefix": Object {
                    "class": undefined,
                    "style": undefined,
                  },
                },
              ],
              "name": "li",
              "namespace": "http://www.w3.org/1999/xhtml",
              "next": [Circular],
              "parent": [Circular],
              "prev": Object {
                "attribs": Object {
                  "class": "rfox-rate__item",
                  "data-index": "0",
                },
                "children": Array [
                  Object {
                    "attribs": Object {
                      "class": "icon iconfont icon-star-fill",
                      "style": "font-size:24px",
                    },
                    "children": Array [],
                    "name": "i",
                    "namespace": "http://www.w3.org/1999/xhtml",
                    "next": null,
                    "parent": [Circular],
                    "prev": null,
                    "type": "tag",
                    "x-attribsNamespace": Object {
                      "class": undefined,
                      "style": undefined,
                    },
                    "x-attribsPrefix": Object {
                      "class": undefined,
                      "style": undefined,
                    },
                  },
                ],
                "name": "li",
                "namespace": "http://www.w3.org/1999/xhtml",
                "next": [Circular],
                "parent": [Circular],
                "prev": null,
                "type": "tag",
                "x-attribsNamespace": Object {
                  "class": undefined,
                  "data-index": undefined,
                },
                "x-attribsPrefix": Object {
                  "class": undefined,
                  "data-index": undefined,
                },
              },
              "type": "tag",
              "x-attribsNamespace": Object {
                "class": undefined,
                "data-index": undefined,
              },
              "x-attribsPrefix": Object {
                "class": undefined,
                "data-index": undefined,
              },
            },
            "type": "tag",
            "x-attribsNamespace": Object {
              "class": undefined,
              "data-index": undefined,
            },
            "x-attribsPrefix": Object {
              "class": undefined,
              "data-index": undefined,
            },
          },
          Object {
            "attribs": Object {
              "class": "rfox-rate__item",
              "data-index": "3",
            },
            "children": Array [
              Object {
                "attribs": Object {
                  "class": "icon iconfont icon-star-fill",
                  "style": "font-size:24px",
                },
                "children": Array [],
                "name": "i",
                "namespace": "http://www.w3.org/1999/xhtml",
                "next": null,
                "parent": [Circular],
                "prev": null,
                "type": "tag",
                "x-attribsNamespace": Object {
                  "class": undefined,
                  "style": undefined,
                },
                "x-attribsPrefix": Object {
                  "class": undefined,
                  "style": undefined,
                },
              },
            ],
            "name": "li",
            "namespace": "http://www.w3.org/1999/xhtml",
            "next": Object {
              "attribs": Object {
                "class": "rfox-rate__item",
                "data-index": "4",
              },
              "children": Array [
                Object {
                  "attribs": Object {
                    "class": "icon iconfont icon-star-fill",
                    "style": "font-size:24px",
                  },
                  "children": Array [],
                  "name": "i",
                  "namespace": "http://www.w3.org/1999/xhtml",
                  "next": null,
                  "parent": [Circular],
                  "prev": null,
                  "type": "tag",
                  "x-attribsNamespace": Object {
                    "class": undefined,
                    "style": undefined,
                  },
                  "x-attribsPrefix": Object {
                    "class": undefined,
                    "style": undefined,
                  },
                },
              ],
              "name": "li",
              "namespace": "http://www.w3.org/1999/xhtml",
              "next": null,
              "parent": [Circular],
              "prev": [Circular],
              "type": "tag",
              "x-attribsNamespace": Object {
                "class": undefined,
                "data-index": undefined,
              },
              "x-attribsPrefix": Object {
                "class": undefined,
                "data-index": undefined,
              },
            },
            "parent": [Circular],
            "prev": Object {
              "attribs": Object {
                "class": "rfox-rate__item",
                "data-index": "2",
              },
              "children": Array [
                Object {
                  "attribs": Object {
                    "class": "icon iconfont icon-star-fill",
                    "style": "font-size:24px",
                  },
                  "children": Array [],
                  "name": "i",
                  "namespace": "http://www.w3.org/1999/xhtml",
                  "next": null,
                  "parent": [Circular],
                  "prev": null,
                  "type": "tag",
                  "x-attribsNamespace": Object {
                    "class": undefined,
                    "style": undefined,
                  },
                  "x-attribsPrefix": Object {
                    "class": undefined,
                    "style": undefined,
                  },
                },
              ],
              "name": "li",
              "namespace": "http://www.w3.org/1999/xhtml",
              "next": [Circular],
              "parent": [Circular],
              "prev": Object {
                "attribs": Object {
                  "class": "rfox-rate__item",
                  "data-index": "1",
                },
                "children": Array [
                  Object {
                    "attribs": Object {
                      "class": "icon iconfont icon-star-fill",
                      "style": "font-size:24px",
                    },
                    "children": Array [],
                    "name": "i",
                    "namespace": "http://www.w3.org/1999/xhtml",
                    "next": null,
                    "parent": [Circular],
                    "prev": null,
                    "type": "tag",
                    "x-attribsNamespace": Object {
                      "class": undefined,
                      "style": undefined,
                    },
                    "x-attribsPrefix": Object {
                      "class": undefined,
                      "style": undefined,
                    },
                  },
                ],
                "name": "li",
                "namespace": "http://www.w3.org/1999/xhtml",
                "next": [Circular],
                "parent": [Circular],
                "prev": Object {
                  "attribs": Object {
                    "class": "rfox-rate__item",
                    "data-index": "0",
                  },
                  "children": Array [
                    Object {
                      "attribs": Object {
                        "class": "icon iconfont icon-star-fill",
                        "style": "font-size:24px",
                      },
                      "children": Array [],
                      "name": "i",
                      "namespace": "http://www.w3.org/1999/xhtml",
                      "next": null,
                      "parent": [Circular],
                      "prev": null,
                      "type": "tag",
                      "x-attribsNamespace": Object {
                        "class": undefined,
                        "style": undefined,
                      },
                      "x-attribsPrefix": Object {
                        "class": undefined,
                        "style": undefined,
                      },
                    },
                  ],
                  "name": "li",
                  "namespace": "http://www.w3.org/1999/xhtml",
                  "next": [Circular],
                  "parent": [Circular],
                  "prev": null,
                  "type": "tag",
                  "x-attribsNamespace": Object {
                    "class": undefined,
                    "data-index": undefined,
                  },
                  "x-attribsPrefix": Object {
                    "class": undefined,
                    "data-index": undefined,
                  },
                },
                "type": "tag",
                "x-attribsNamespace": Object {
                  "class": undefined,
                  "data-index": undefined,
                },
                "x-attribsPrefix": Object {
                  "class": undefined,
                  "data-index": undefined,
                },
              },
              "type": "tag",
              "x-attribsNamespace": Object {
                "class": undefined,
                "data-index": undefined,
              },
              "x-attribsPrefix": Object {
                "class": undefined,
                "data-index": undefined,
              },
            },
            "type": "tag",
            "x-attribsNamespace": Object {
              "class": undefined,
              "data-index": undefined,
            },
            "x-attribsPrefix": Object {
              "class": undefined,
              "data-index": undefined,
            },
          },
          Object {
            "attribs": Object {
              "class": "rfox-rate__item",
              "data-index": "4",
            },
            "children": Array [
              Object {
                "attribs": Object {
                  "class": "icon iconfont icon-star-fill",
                  "style": "font-size:24px",
                },
                "children": Array [],
                "name": "i",
                "namespace": "http://www.w3.org/1999/xhtml",
                "next": null,
                "parent": [Circular],
                "prev": null,
                "type": "tag",
                "x-attribsNamespace": Object {
                  "class": undefined,
                  "style": undefined,
                },
                "x-attribsPrefix": Object {
                  "class": undefined,
                  "style": undefined,
                },
              },
            ],
            "name": "li",
            "namespace": "http://www.w3.org/1999/xhtml",
            "next": null,
            "parent": [Circular],
            "prev": Object {
              "attribs": Object {
                "class": "rfox-rate__item",
                "data-index": "3",
              },
              "children": Array [
                Object {
                  "attribs": Object {
                    "class": "icon iconfont icon-star-fill",
                    "style": "font-size:24px",
                  },
                  "children": Array [],
                  "name": "i",
                  "namespace": "http://www.w3.org/1999/xhtml",
                  "next": null,
                  "parent": [Circular],
                  "prev": null,
                  "type": "tag",
                  "x-attribsNamespace": Object {
                    "class": undefined,
                    "style": undefined,
                  },
                  "x-attribsPrefix": Object {
                    "class": undefined,
                    "style": undefined,
                  },
                },
              ],
              "name": "li",
              "namespace": "http://www.w3.org/1999/xhtml",
              "next": [Circular],
              "parent": [Circular],
              "prev": Object {
                "attribs": Object {
                  "class": "rfox-rate__item",
                  "data-index": "2",
                },
                "children": Array [
                  Object {
                    "attribs": Object {
                      "class": "icon iconfont icon-star-fill",
                      "style": "font-size:24px",
                    },
                    "children": Array [],
                    "name": "i",
                    "namespace": "http://www.w3.org/1999/xhtml",
                    "next": null,
                    "parent": [Circular],
                    "prev": null,
                    "type": "tag",
                    "x-attribsNamespace": Object {
                      "class": undefined,
                      "style": undefined,
                    },
                    "x-attribsPrefix": Object {
                      "class": undefined,
                      "style": undefined,
                    },
                  },
                ],
                "name": "li",
                "namespace": "http://www.w3.org/1999/xhtml",
                "next": [Circular],
                "parent": [Circular],
                "prev": Object {
                  "attribs": Object {
                    "class": "rfox-rate__item",
                    "data-index": "1",
                  },
                  "children": Array [
                    Object {
                      "attribs": Object {
                        "class": "icon iconfont icon-star-fill",
                        "style": "font-size:24px",
                      },
                      "children": Array [],
                      "name": "i",
                      "namespace": "http://www.w3.org/1999/xhtml",
                      "next": null,
                      "parent": [Circular],
                      "prev": null,
                      "type": "tag",
                      "x-attribsNamespace": Object {
                        "class": undefined,
                        "style": undefined,
                      },
                      "x-attribsPrefix": Object {
                        "class": undefined,
                        "style": undefined,
                      },
                    },
                  ],
                  "name": "li",
                  "namespace": "http://www.w3.org/1999/xhtml",
                  "next": [Circular],
                  "parent": [Circular],
                  "prev": Object {
                    "attribs": Object {
                      "class": "rfox-rate__item",
                      "data-index": "0",
                    },
                    "children": Array [
                      Object {
                        "attribs": Object {
                          "class": "icon iconfont icon-star-fill",
                          "style": "font-size:24px",
                        },
                        "children": Array [],
                        "name": "i",
                        "namespace": "http://www.w3.org/1999/xhtml",
                        "next": null,
                        "parent": [Circular],
                        "prev": null,
                        "type": "tag",
                        "x-attribsNamespace": Object {
                          "class": undefined,
                          "style": undefined,
                        },
                        "x-attribsPrefix": Object {
                          "class": undefined,
                          "style": undefined,
                        },
                      },
                    ],
                    "name": "li",
                    "namespace": "http://www.w3.org/1999/xhtml",
                    "next": [Circular],
                    "parent": [Circular],
                    "prev": null,
                    "type": "tag",
                    "x-attribsNamespace": Object {
                      "class": undefined,
                      "data-index": undefined,
                    },
                    "x-attribsPrefix": Object {
                      "class": undefined,
                      "data-index": undefined,
                    },
                  },
                  "type": "tag",
                  "x-attribsNamespace": Object {
                    "class": undefined,
                    "data-index": undefined,
                  },
                  "x-attribsPrefix": Object {
                    "class": undefined,
                    "data-index": undefined,
                  },
                },
                "type": "tag",
                "x-attribsNamespace": Object {
                  "class": undefined,
                  "data-index": undefined,
                },
                "x-attribsPrefix": Object {
                  "class": undefined,
                  "data-index": undefined,
                },
              },
              "type": "tag",
              "x-attribsNamespace": Object {
                "class": undefined,
                "data-index": undefined,
              },
              "x-attribsPrefix": Object {
                "class": undefined,
                "data-index": undefined,
              },
            },
            "type": "tag",
            "x-attribsNamespace": Object {
              "class": undefined,
              "data-index": undefined,
            },
            "x-attribsPrefix": Object {
              "class": undefined,
              "data-index": undefined,
            },
          },
        ],
        "name": "ul",
        "namespace": "http://www.w3.org/1999/xhtml",
        "next": null,
        "parent": [Circular],
        "prev": null,
        "type": "tag",
        "x-attribsNamespace": Object {
          "class": undefined,
        },
        "x-attribsPrefix": Object {
          "class": undefined,
        },
      },
    ],
    "name": "div",
    "namespace": "http://www.w3.org/1999/xhtml",
    "next": null,
    "parent": null,
    "prev": null,
    "root": Object {
      "attribs": Object {},
      "children": Array [
        [Circular],
      ],
      "name": "root",
      "namespace": "http://www.w3.org/1999/xhtml",
      "next": null,
      "parent": null,
      "prev": null,
      "type": "root",
      "x-attribsNamespace": Object {},
      "x-attribsPrefix": Object {},
    },
    "type": "tag",
    "x-attribsNamespace": Object {
      "class": undefined,
      "tabindex": undefined,
    },
    "x-attribsPrefix": Object {
      "class": undefined,
      "tabindex": undefined,
    },
  },
  "_root": [Circular],
  "length": 1,
  "options": Object {
    "decodeEntities": true,
    "normalizeWhitespace": false,
    "withDomLvl1": true,
    "xml": false,
  },
}
`;
